2026-01-02 16:57:43 | INFO | dataset_oracle | Loaded oracle pool: 57900 frames on cpu
2026-01-02 16:57:45 | INFO | run_al_loop | Val basins: 1
2026-01-02 16:57:45 | INFO | run_al_loop | Cold start: training 5 epochs on seed (100 frames)
2026-01-02 16:58:00 | INFO | run_al_loop | Sample batch 1/5 done.
2026-01-02 16:58:16 | INFO | run_al_loop | Sample batch 2/5 done.
2026-01-02 16:58:31 | INFO | run_al_loop | Sample batch 3/5 done.
2026-01-02 16:58:48 | INFO | run_al_loop | Sample batch 4/5 done.
2026-01-02 16:59:05 | INFO | run_al_loop | Sample batch 5/5 done.
2026-01-02 16:59:05 | INFO | pdb_utils | Found 10 heavy atoms in PDB.
2026-01-02 16:59:05 | INFO | pdb_utils | Phi indices: [1, 3, 4, 6]
2026-01-02 16:59:05 | INFO | pdb_utils | Psi indices: [3, 4, 6, 8]
2026-01-02 16:59:05 | INFO | ramachandran | Dihedral unit inference: max|x|=180 interpreted as degrees
2026-01-02 16:59:05 | INFO | ramachandran | Dihedral unit inference: max|x|=180 interpreted as degrees
2026-01-02 16:59:06 | INFO | run_al_loop | AL iter 1/3
2026-01-02 16:59:23 | INFO | run_al_loop | Sample batch 1/5 done.
2026-01-02 16:59:41 | INFO | run_al_loop | Sample batch 2/5 done.
2026-01-02 17:00:00 | INFO | run_al_loop | Sample batch 3/5 done.
2026-01-02 17:00:18 | INFO | run_al_loop | Sample batch 4/5 done.
2026-01-02 17:00:39 | INFO | run_al_loop | Sample batch 5/5 done.
2026-01-02 17:00:39 | WARNING | run_al_loop | Filtered 27 duplicate pool indices in iter 1
2026-01-02 17:01:19 | INFO | run_al_loop | Sample batch 1/5 done.
2026-01-02 17:01:35 | INFO | run_al_loop | Sample batch 2/5 done.
2026-01-02 17:01:50 | INFO | run_al_loop | Sample batch 3/5 done.
2026-01-02 17:02:03 | INFO | run_al_loop | Sample batch 4/5 done.
2026-01-02 17:02:19 | INFO | run_al_loop | Sample batch 5/5 done.
2026-01-02 17:02:19 | INFO | pdb_utils | Found 10 heavy atoms in PDB.
2026-01-02 17:02:19 | INFO | pdb_utils | Phi indices: [1, 3, 4, 6]
2026-01-02 17:02:19 | INFO | pdb_utils | Psi indices: [3, 4, 6, 8]
2026-01-02 17:02:19 | INFO | ramachandran | Dihedral unit inference: max|x|=180 interpreted as degrees
2026-01-02 17:02:19 | INFO | ramachandran | Dihedral unit inference: max|x|=180 interpreted as degrees
2026-01-02 17:02:19 | INFO | run_al_loop | AL iter 2/3
2026-01-02 17:02:37 | INFO | run_al_loop | Sample batch 1/5 done.
2026-01-02 17:02:54 | INFO | run_al_loop | Sample batch 2/5 done.
2026-01-02 17:03:09 | INFO | run_al_loop | Sample batch 3/5 done.
2026-01-02 17:03:21 | INFO | run_al_loop | Sample batch 4/5 done.
2026-01-02 17:03:32 | INFO | run_al_loop | Sample batch 5/5 done.
2026-01-02 17:03:32 | WARNING | run_al_loop | Filtered 54 duplicate pool indices in iter 2
2026-01-02 17:03:53 | INFO | run_al_loop | Sample batch 1/5 done.
2026-01-02 17:04:04 | INFO | run_al_loop | Sample batch 2/5 done.
2026-01-02 17:04:21 | INFO | run_al_loop | Sample batch 3/5 done.
2026-01-02 17:04:51 | INFO | run_al_loop | Sample batch 4/5 done.
2026-01-02 17:05:23 | INFO | run_al_loop | Sample batch 5/5 done.
2026-01-02 17:05:23 | INFO | pdb_utils | Found 10 heavy atoms in PDB.
2026-01-02 17:05:23 | INFO | pdb_utils | Phi indices: [1, 3, 4, 6]
2026-01-02 17:05:23 | INFO | pdb_utils | Psi indices: [3, 4, 6, 8]
2026-01-02 17:05:23 | INFO | ramachandran | Dihedral unit inference: max|x|=180 interpreted as degrees
2026-01-02 17:05:23 | INFO | ramachandran | Dihedral unit inference: max|x|=180 interpreted as degrees
2026-01-02 17:05:24 | INFO | run_al_loop | AL iter 3/3
2026-01-02 17:05:35 | INFO | run_al_loop | Sample batch 1/5 done.
2026-01-02 17:05:43 | INFO | run_al_loop | Sample batch 2/5 done.
2026-01-02 17:05:51 | INFO | run_al_loop | Sample batch 3/5 done.
2026-01-02 17:05:58 | INFO | run_al_loop | Sample batch 4/5 done.
2026-01-02 17:06:04 | INFO | run_al_loop | Sample batch 5/5 done.
2026-01-02 17:06:05 | WARNING | run_al_loop | Filtered 83 duplicate pool indices in iter 3
2026-01-02 17:06:19 | INFO | run_al_loop | Sample batch 1/5 done.
2026-01-02 17:06:28 | INFO | run_al_loop | Sample batch 2/5 done.
2026-01-02 17:06:36 | INFO | run_al_loop | Sample batch 3/5 done.
2026-01-02 17:06:46 | INFO | run_al_loop | Sample batch 4/5 done.
2026-01-02 17:06:58 | INFO | run_al_loop | Sample batch 5/5 done.
2026-01-02 17:06:58 | INFO | pdb_utils | Found 10 heavy atoms in PDB.
2026-01-02 17:06:58 | INFO | pdb_utils | Phi indices: [1, 3, 4, 6]
2026-01-02 17:06:58 | INFO | pdb_utils | Psi indices: [3, 4, 6, 8]
2026-01-02 17:06:58 | INFO | ramachandran | Dihedral unit inference: max|x|=180 interpreted as degrees
2026-01-02 17:06:58 | INFO | ramachandran | Dihedral unit inference: max|x|=180 interpreted as degrees
2026-01-02 17:06:59 | INFO | run_al_loop | AL loop complete. Metrics: runs/day8_9_control_lite/al_metrics.csv
